H:/Workspace/STM32F7/F7_NFC_Ethernet/Middlewares/Third_Party/FreeRTOS/Source/portable/MemMang/heap_4.c:113:7:pvPortMalloc	48	static,ignoring_inline_asm
H:/Workspace/STM32F7/F7_NFC_Ethernet/Middlewares/Third_Party/FreeRTOS/Source/portable/MemMang/heap_4.c:263:6:vPortFree	32	static,ignoring_inline_asm
H:/Workspace/STM32F7/F7_NFC_Ethernet/Middlewares/Third_Party/FreeRTOS/Source/portable/MemMang/heap_4.c:311:8:xPortGetFreeHeapSize	4	static
H:/Workspace/STM32F7/F7_NFC_Ethernet/Middlewares/Third_Party/FreeRTOS/Source/portable/MemMang/heap_4.c:317:8:xPortGetMinimumEverFreeHeapSize	4	static
H:/Workspace/STM32F7/F7_NFC_Ethernet/Middlewares/Third_Party/FreeRTOS/Source/portable/MemMang/heap_4.c:323:6:vPortInitialiseBlocks	4	static
H:/Workspace/STM32F7/F7_NFC_Ethernet/Middlewares/Third_Party/FreeRTOS/Source/portable/MemMang/heap_4.c:329:13:prvHeapInit	24	static
H:/Workspace/STM32F7/F7_NFC_Ethernet/Middlewares/Third_Party/FreeRTOS/Source/portable/MemMang/heap_4.c:377:13:prvInsertBlockIntoFreeList	24	static
