H:/Workspace/STM32F7/F7_NFC_Ethernet/Middlewares/ST/STM32_USB_Host_Library/Class/MTP/Src/usbh_mtp_ptp.c:124:20:USBH_PTP_Init	24	static
H:/Workspace/STM32F7/F7_NFC_Ethernet/Middlewares/ST/STM32_USB_Host_Library/Class/MTP/Src/usbh_mtp_ptp.c:142:20:USBH_PTP_Process	72	static
H:/Workspace/STM32F7/F7_NFC_Ethernet/Middlewares/ST/STM32_USB_Host_Library/Class/MTP/Src/usbh_mtp_ptp.c:458:20:USBH_PTP_SendRequest	24	static
H:/Workspace/STM32F7/F7_NFC_Ethernet/Middlewares/ST/STM32_USB_Host_Library/Class/MTP/Src/usbh_mtp_ptp.c:486:20:USBH_PTP_GetResponse	24	static
H:/Workspace/STM32F7/F7_NFC_Ethernet/Middlewares/ST/STM32_USB_Host_Library/Class/MTP/Src/usbh_mtp_ptp.c:509:13:PTP_BufferFullCallback	24	static
H:/Workspace/STM32F7/F7_NFC_Ethernet/Middlewares/ST/STM32_USB_Host_Library/Class/MTP/Src/usbh_mtp_ptp.c:557:13:PTP_DecodeDeviceInfo	32	static
H:/Workspace/STM32F7/F7_NFC_Ethernet/Middlewares/ST/STM32_USB_Host_Library/Class/MTP/Src/usbh_mtp_ptp.c:618:13:PTP_GetStorageIDs	24	static
H:/Workspace/STM32F7/F7_NFC_Ethernet/Middlewares/ST/STM32_USB_Host_Library/Class/MTP/Src/usbh_mtp_ptp.c:634:13:PTP_GetStorageInfo	296	static
H:/Workspace/STM32F7/F7_NFC_Ethernet/Middlewares/ST/STM32_USB_Host_Library/Class/MTP/Src/usbh_mtp_ptp.c:661:13:PTP_GetObjectInfo	160	static
H:/Workspace/STM32F7/F7_NFC_Ethernet/Middlewares/ST/STM32_USB_Host_Library/Class/MTP/Src/usbh_mtp_ptp.c:699:13:PTP_GetObjectPropDesc	48	static
H:/Workspace/STM32F7/F7_NFC_Ethernet/Middlewares/ST/STM32_USB_Host_Library/Class/MTP/Src/usbh_mtp_ptp.c:748:13:PTP_GetDevicePropValue	168	static
H:/Workspace/STM32F7/F7_NFC_Ethernet/Middlewares/ST/STM32_USB_Host_Library/Class/MTP/Src/usbh_mtp_ptp.c:820:17:PTP_GetObjectPropList	56	static
H:/Workspace/STM32F7/F7_NFC_Ethernet/Middlewares/ST/STM32_USB_Host_Library/Class/MTP/Src/usbh_mtp_ptp.c:876:13:PTP_GetString	32	static
H:/Workspace/STM32F7/F7_NFC_Ethernet/Middlewares/ST/STM32_USB_Host_Library/Class/MTP/Src/usbh_mtp_ptp.c:902:17:PTP_GetArray16	32	static
H:/Workspace/STM32F7/F7_NFC_Ethernet/Middlewares/ST/STM32_USB_Host_Library/Class/MTP/Src/usbh_mtp_ptp.c:923:17:PTP_GetArray32	32	static
H:/Workspace/STM32F7/F7_NFC_Ethernet/Middlewares/ST/STM32_USB_Host_Library/Class/MTP/Src/usbh_mtp_ptp.c:948:20:USBH_PTP_OpenSession	64	static
H:/Workspace/STM32F7/F7_NFC_Ethernet/Middlewares/ST/STM32_USB_Host_Library/Class/MTP/Src/usbh_mtp_ptp.c:1004:20:USBH_PTP_GetDevicePropDesc	72	static
H:/Workspace/STM32F7/F7_NFC_Ethernet/Middlewares/ST/STM32_USB_Host_Library/Class/MTP/Src/usbh_mtp_ptp.c:1072:20:USBH_PTP_GetDeviceInfo	64	static
H:/Workspace/STM32F7/F7_NFC_Ethernet/Middlewares/ST/STM32_USB_Host_Library/Class/MTP/Src/usbh_mtp_ptp.c:1134:20:USBH_PTP_GetStorageIds	64	static
H:/Workspace/STM32F7/F7_NFC_Ethernet/Middlewares/ST/STM32_USB_Host_Library/Class/MTP/Src/usbh_mtp_ptp.c:1196:20:USBH_PTP_GetStorageInfo	72	static
H:/Workspace/STM32F7/F7_NFC_Ethernet/Middlewares/ST/STM32_USB_Host_Library/Class/MTP/Src/usbh_mtp_ptp.c:1261:20:USBH_PTP_GetNumObjects	72	static
H:/Workspace/STM32F7/F7_NFC_Ethernet/Middlewares/ST/STM32_USB_Host_Library/Class/MTP/Src/usbh_mtp_ptp.c:1326:20:USBH_PTP_GetObjectHandles	72	static
H:/Workspace/STM32F7/F7_NFC_Ethernet/Middlewares/ST/STM32_USB_Host_Library/Class/MTP/Src/usbh_mtp_ptp.c:1397:20:USBH_PTP_GetObjectInfo	72	static
H:/Workspace/STM32F7/F7_NFC_Ethernet/Middlewares/ST/STM32_USB_Host_Library/Class/MTP/Src/usbh_mtp_ptp.c:1462:20:USBH_PTP_DeleteObject	72	static
H:/Workspace/STM32F7/F7_NFC_Ethernet/Middlewares/ST/STM32_USB_Host_Library/Class/MTP/Src/usbh_mtp_ptp.c:1519:20:USBH_PTP_GetObject	72	static
H:/Workspace/STM32F7/F7_NFC_Ethernet/Middlewares/ST/STM32_USB_Host_Library/Class/MTP/Src/usbh_mtp_ptp.c:1596:20:USBH_PTP_GetPartialObject	72	static
H:/Workspace/STM32F7/F7_NFC_Ethernet/Middlewares/ST/STM32_USB_Host_Library/Class/MTP/Src/usbh_mtp_ptp.c:1676:20:USBH_PTP_GetObjectPropsSupported	72	static
H:/Workspace/STM32F7/F7_NFC_Ethernet/Middlewares/ST/STM32_USB_Host_Library/Class/MTP/Src/usbh_mtp_ptp.c:1742:20:USBH_PTP_GetObjectPropDesc	72	static
H:/Workspace/STM32F7/F7_NFC_Ethernet/Middlewares/ST/STM32_USB_Host_Library/Class/MTP/Src/usbh_mtp_ptp.c:1810:20:USBH_PTP_GetObjectPropList	72	static
H:/Workspace/STM32F7/F7_NFC_Ethernet/Middlewares/ST/STM32_USB_Host_Library/Class/MTP/Src/usbh_mtp_ptp.c:1888:20:USBH_PTP_SendObject	72	static
