H:/Workspace/STM32F7/F7_NFC_Ethernet/Middlewares/ST/STM32_USB_Host_Library/Class/AUDIO/Src/usbh_audio.c:195:27:USBH_AUDIO_InterfaceInit	56	static
H:/Workspace/STM32F7/F7_NFC_Ethernet/Middlewares/ST/STM32_USB_Host_Library/Class/AUDIO/Src/usbh_audio.c:341:27:USBH_AUDIO_InterfaceDeInit	24	static
H:/Workspace/STM32F7/F7_NFC_Ethernet/Middlewares/ST/STM32_USB_Host_Library/Class/AUDIO/Src/usbh_audio.c:382:27:USBH_AUDIO_ClassRequest	32	static
H:/Workspace/STM32F7/F7_NFC_Ethernet/Middlewares/ST/STM32_USB_Host_Library/Class/AUDIO/Src/usbh_audio.c:574:27:USBH_AUDIO_CSRequest	40	static
H:/Workspace/STM32F7/F7_NFC_Ethernet/Middlewares/ST/STM32_USB_Host_Library/Class/AUDIO/Src/usbh_audio.c:668:27:USBH_AUDIO_HandleCSRequest	24	static
H:/Workspace/STM32F7/F7_NFC_Ethernet/Middlewares/ST/STM32_USB_Host_Library/Class/AUDIO/Src/usbh_audio.c:713:27:USBH_AUDIO_Process	24	static
H:/Workspace/STM32F7/F7_NFC_Ethernet/Middlewares/ST/STM32_USB_Host_Library/Class/AUDIO/Src/usbh_audio.c:737:27:USBH_AUDIO_SOFProcess	16	static
H:/Workspace/STM32F7/F7_NFC_Ethernet/Middlewares/ST/STM32_USB_Host_Library/Class/AUDIO/Src/usbh_audio.c:749:27:USBH_AUDIO_FindAudioStreamingIN	24	static
H:/Workspace/STM32F7/F7_NFC_Ethernet/Middlewares/ST/STM32_USB_Host_Library/Class/AUDIO/Src/usbh_audio.c:791:27:USBH_AUDIO_FindAudioStreamingOUT	24	static
H:/Workspace/STM32F7/F7_NFC_Ethernet/Middlewares/ST/STM32_USB_Host_Library/Class/AUDIO/Src/usbh_audio.c:833:27:USBH_AUDIO_FindHIDControl	24	static
H:/Workspace/STM32F7/F7_NFC_Ethernet/Middlewares/ST/STM32_USB_Host_Library/Class/AUDIO/Src/usbh_audio.c:874:27:USBH_AUDIO_ParseCSDescriptors	40	static
H:/Workspace/STM32F7/F7_NFC_Ethernet/Middlewares/ST/STM32_USB_Host_Library/Class/AUDIO/Src/usbh_audio.c:937:27:ParseCSDescriptors	24	static
H:/Workspace/STM32F7/F7_NFC_Ethernet/Middlewares/ST/STM32_USB_Host_Library/Class/AUDIO/Src/usbh_audio.c:1001:17:USBH_AUDIO_FindLinkedUnit	24	static
H:/Workspace/STM32F7/F7_NFC_Ethernet/Middlewares/ST/STM32_USB_Host_Library/Class/AUDIO/Src/usbh_audio.c:1062:27:USBH_AUDIO_BuildMicrophonePath	32	static
H:/Workspace/STM32F7/F7_NFC_Ethernet/Middlewares/ST/STM32_USB_Host_Library/Class/AUDIO/Src/usbh_audio.c:1128:27:USBH_AUDIO_BuildHeadphonePath	32	static
H:/Workspace/STM32F7/F7_NFC_Ethernet/Middlewares/ST/STM32_USB_Host_Library/Class/AUDIO/Src/usbh_audio.c:1220:27:USBH_AC_SetCur	32	static
H:/Workspace/STM32F7/F7_NFC_Ethernet/Middlewares/ST/STM32_USB_Host_Library/Class/AUDIO/Src/usbh_audio.c:1284:27:USBH_AC_GetCur	32	static
H:/Workspace/STM32F7/F7_NFC_Ethernet/Middlewares/ST/STM32_USB_Host_Library/Class/AUDIO/Src/usbh_audio.c:1357:27:USBH_AC_GetMax	32	static
H:/Workspace/STM32F7/F7_NFC_Ethernet/Middlewares/ST/STM32_USB_Host_Library/Class/AUDIO/Src/usbh_audio.c:1430:27:USBH_AC_GetRes	32	static
H:/Workspace/STM32F7/F7_NFC_Ethernet/Middlewares/ST/STM32_USB_Host_Library/Class/AUDIO/Src/usbh_audio.c:1503:27:USBH_AC_GetMin	32	static
H:/Workspace/STM32F7/F7_NFC_Ethernet/Middlewares/ST/STM32_USB_Host_Library/Class/AUDIO/Src/usbh_audio.c:1573:27:USBH_AUDIO_SetEndpointControls	32	static
H:/Workspace/STM32F7/F7_NFC_Ethernet/Middlewares/ST/STM32_USB_Host_Library/Class/AUDIO/Src/usbh_audio.c:1600:27:USBH_AUDIO_InputStream	24	static
H:/Workspace/STM32F7/F7_NFC_Ethernet/Middlewares/ST/STM32_USB_Host_Library/Class/AUDIO/Src/usbh_audio.c:1615:27:USBH_AUDIO_Control	32	static
H:/Workspace/STM32F7/F7_NFC_Ethernet/Middlewares/ST/STM32_USB_Host_Library/Class/AUDIO/Src/usbh_audio.c:1690:27:USBH_AUDIO_OutputStream	32	static
H:/Workspace/STM32F7/F7_NFC_Ethernet/Middlewares/ST/STM32_USB_Host_Library/Class/AUDIO/Src/usbh_audio.c:1771:27:USBH_AUDIO_Transmit	24	static
H:/Workspace/STM32F7/F7_NFC_Ethernet/Middlewares/ST/STM32_USB_Host_Library/Class/AUDIO/Src/usbh_audio.c:1856:20:USBH_AUDIO_SetFrequency	40	static
H:/Workspace/STM32F7/F7_NFC_Ethernet/Middlewares/ST/STM32_USB_Host_Library/Class/AUDIO/Src/usbh_audio.c:1919:20:USBH_AUDIO_Play	32	static
H:/Workspace/STM32F7/F7_NFC_Ethernet/Middlewares/ST/STM32_USB_Host_Library/Class/AUDIO/Src/usbh_audio.c:1956:20:USBH_AUDIO_Stop	24	static
H:/Workspace/STM32F7/F7_NFC_Ethernet/Middlewares/ST/STM32_USB_Host_Library/Class/AUDIO/Src/usbh_audio.c:1969:20:USBH_AUDIO_Suspend	24	static
H:/Workspace/STM32F7/F7_NFC_Ethernet/Middlewares/ST/STM32_USB_Host_Library/Class/AUDIO/Src/usbh_audio.c:1993:20:USBH_AUDIO_Resume	24	static
H:/Workspace/STM32F7/F7_NFC_Ethernet/Middlewares/ST/STM32_USB_Host_Library/Class/AUDIO/Src/usbh_audio.c:2016:9:USBH_AUDIO_GetOutOffset	24	static
H:/Workspace/STM32F7/F7_NFC_Ethernet/Middlewares/ST/STM32_USB_Host_Library/Class/AUDIO/Src/usbh_audio.c:2039:20:USBH_AUDIO_ChangeOutBuffer	24	static
H:/Workspace/STM32F7/F7_NFC_Ethernet/Middlewares/ST/STM32_USB_Host_Library/Class/AUDIO/Src/usbh_audio.c:2072:27:USBH_AUDIO_SetControlAttribute	24	static
H:/Workspace/STM32F7/F7_NFC_Ethernet/Middlewares/ST/STM32_USB_Host_Library/Class/AUDIO/Src/usbh_audio.c:2136:20:USBH_AUDIO_SetVolume	24	static
H:/Workspace/STM32F7/F7_NFC_Ethernet/Middlewares/ST/STM32_USB_Host_Library/Class/AUDIO/Src/usbh_audio.c:2164:27:AUDIO_SetVolume	32	static
H:/Workspace/STM32F7/F7_NFC_Ethernet/Middlewares/ST/STM32_USB_Host_Library/Class/AUDIO/Src/usbh_audio.c:2185:13:USBH_AUDIO_FrequencySet	16	static
H:/Workspace/STM32F7/F7_NFC_Ethernet/Middlewares/ST/STM32_USB_Host_Library/Class/AUDIO/Src/usbh_audio.c:2196:13:USBH_AUDIO_BufferEmptyCallback	16	static
