H:/Workspace/STM32F7/F7_NFC_Ethernet/Middlewares/ST/STM32_USB_Host_Library/Class/MTP/Src/usbh_mtp.c:138:27:USBH_MTP_InterfaceInit	48	static
H:/Workspace/STM32F7/F7_NFC_Ethernet/Middlewares/ST/STM32_USB_Host_Library/Class/MTP/Src/usbh_mtp.c:242:16:MTP_FindCtlEndpoint	24	static
H:/Workspace/STM32F7/F7_NFC_Ethernet/Middlewares/ST/STM32_USB_Host_Library/Class/MTP/Src/usbh_mtp.c:270:16:MTP_FindDataOutEndpoint	24	static
H:/Workspace/STM32F7/F7_NFC_Ethernet/Middlewares/ST/STM32_USB_Host_Library/Class/MTP/Src/usbh_mtp.c:299:16:MTP_FindDataInEndpoint	24	static
H:/Workspace/STM32F7/F7_NFC_Ethernet/Middlewares/ST/STM32_USB_Host_Library/Class/MTP/Src/usbh_mtp.c:329:27:USBH_MTP_InterfaceDeInit	24	static
H:/Workspace/STM32F7/F7_NFC_Ethernet/Middlewares/ST/STM32_USB_Host_Library/Class/MTP/Src/usbh_mtp.c:370:27:USBH_MTP_ClassRequest	16	static
H:/Workspace/STM32F7/F7_NFC_Ethernet/Middlewares/ST/STM32_USB_Host_Library/Class/MTP/Src/usbh_mtp.c:393:27:USBH_MTP_Process	32	static
H:/Workspace/STM32F7/F7_NFC_Ethernet/Middlewares/ST/STM32_USB_Host_Library/Class/MTP/Src/usbh_mtp.c:537:27:USBH_MTP_SOFProcess	16	static
H:/Workspace/STM32F7/F7_NFC_Ethernet/Middlewares/ST/STM32_USB_Host_Library/Class/MTP/Src/usbh_mtp.c:551:9:USBH_MTP_IsReady	24	static
H:/Workspace/STM32F7/F7_NFC_Ethernet/Middlewares/ST/STM32_USB_Host_Library/Class/MTP/Src/usbh_mtp.c:564:20:USBH_MTP_GetNumStorage	24	static
H:/Workspace/STM32F7/F7_NFC_Ethernet/Middlewares/ST/STM32_USB_Host_Library/Class/MTP/Src/usbh_mtp.c:584:20:USBH_MTP_SelectStorage	24	static
H:/Workspace/STM32F7/F7_NFC_Ethernet/Middlewares/ST/STM32_USB_Host_Library/Class/MTP/Src/usbh_mtp.c:604:20:USBH_MTP_GetStorageInfo	32	static
H:/Workspace/STM32F7/F7_NFC_Ethernet/Middlewares/ST/STM32_USB_Host_Library/Class/MTP/Src/usbh_mtp.c:623:20:USBH_MTP_GetNumObjects	48	static
H:/Workspace/STM32F7/F7_NFC_Ethernet/Middlewares/ST/STM32_USB_Host_Library/Class/MTP/Src/usbh_mtp.c:656:20:USBH_MTP_GetObjectHandles	48	static
H:/Workspace/STM32F7/F7_NFC_Ethernet/Middlewares/ST/STM32_USB_Host_Library/Class/MTP/Src/usbh_mtp.c:690:20:USBH_MTP_GetObjectInfo	40	static
H:/Workspace/STM32F7/F7_NFC_Ethernet/Middlewares/ST/STM32_USB_Host_Library/Class/MTP/Src/usbh_mtp.c:718:20:USBH_MTP_DeleteObject	40	static
H:/Workspace/STM32F7/F7_NFC_Ethernet/Middlewares/ST/STM32_USB_Host_Library/Class/MTP/Src/usbh_mtp.c:747:20:USBH_MTP_GetObject	40	static
H:/Workspace/STM32F7/F7_NFC_Ethernet/Middlewares/ST/STM32_USB_Host_Library/Class/MTP/Src/usbh_mtp.c:775:20:USBH_MTP_GetPartialObject	48	static
H:/Workspace/STM32F7/F7_NFC_Ethernet/Middlewares/ST/STM32_USB_Host_Library/Class/MTP/Src/usbh_mtp.c:808:20:USBH_MTP_GetObjectPropsSupported	40	static
H:/Workspace/STM32F7/F7_NFC_Ethernet/Middlewares/ST/STM32_USB_Host_Library/Class/MTP/Src/usbh_mtp.c:838:20:USBH_MTP_GetObjectPropDesc	40	static
H:/Workspace/STM32F7/F7_NFC_Ethernet/Middlewares/ST/STM32_USB_Host_Library/Class/MTP/Src/usbh_mtp.c:867:20:USBH_MTP_GetObjectPropList	40	static
H:/Workspace/STM32F7/F7_NFC_Ethernet/Middlewares/ST/STM32_USB_Host_Library/Class/MTP/Src/usbh_mtp.c:897:20:USBH_MTP_SendObject	40	static
H:/Workspace/STM32F7/F7_NFC_Ethernet/Middlewares/ST/STM32_USB_Host_Library/Class/MTP/Src/usbh_mtp.c:924:27:USBH_MTP_Events	24	static
H:/Workspace/STM32F7/F7_NFC_Ethernet/Middlewares/ST/STM32_USB_Host_Library/Class/MTP/Src/usbh_mtp.c:975:13:MTP_DecodeEvent	32	static
H:/Workspace/STM32F7/F7_NFC_Ethernet/Middlewares/ST/STM32_USB_Host_Library/Class/MTP/Src/usbh_mtp.c:1063:20:USBH_MTP_GetDevicePropDesc	40	static
H:/Workspace/STM32F7/F7_NFC_Ethernet/Middlewares/ST/STM32_USB_Host_Library/Class/MTP/Src/usbh_mtp.c:1090:13:USBH_MTP_EventsCallback	24	static
