H:/Workspace/STM32F7/F7_NFC_Ethernet/Core/Src/stm32f7xx_it.c:74:6:NMI_Handler	4	static
H:/Workspace/STM32F7/F7_NFC_Ethernet/Core/Src/stm32f7xx_it.c:89:6:HardFault_Handler	4	static
H:/Workspace/STM32F7/F7_NFC_Ethernet/Core/Src/stm32f7xx_it.c:104:6:MemManage_Handler	4	static
H:/Workspace/STM32F7/F7_NFC_Ethernet/Core/Src/stm32f7xx_it.c:119:6:BusFault_Handler	4	static
H:/Workspace/STM32F7/F7_NFC_Ethernet/Core/Src/stm32f7xx_it.c:134:6:UsageFault_Handler	4	static
H:/Workspace/STM32F7/F7_NFC_Ethernet/Core/Src/stm32f7xx_it.c:149:6:DebugMon_Handler	4	static
H:/Workspace/STM32F7/F7_NFC_Ethernet/Core/Src/stm32f7xx_it.c:169:6:EXTI3_IRQHandler	8	static
H:/Workspace/STM32F7/F7_NFC_Ethernet/Core/Src/stm32f7xx_it.c:183:6:SPI1_IRQHandler	8	static
H:/Workspace/STM32F7/F7_NFC_Ethernet/Core/Src/stm32f7xx_it.c:197:6:USART3_IRQHandler	8	static
H:/Workspace/STM32F7/F7_NFC_Ethernet/Core/Src/stm32f7xx_it.c:211:6:EXTI15_10_IRQHandler	8	static
H:/Workspace/STM32F7/F7_NFC_Ethernet/Core/Src/stm32f7xx_it.c:225:6:TIM6_DAC_IRQHandler	8	static
H:/Workspace/STM32F7/F7_NFC_Ethernet/Core/Src/stm32f7xx_it.c:239:6:ETH_IRQHandler	8	static
H:/Workspace/STM32F7/F7_NFC_Ethernet/Core/Src/stm32f7xx_it.c:253:6:OTG_FS_IRQHandler	8	static
